cvs status: Examining .
cvs status: Examining WEB-INF
cvs status: Examining WEB-INF/lib
cvs status: Examining css
cvs status: Examining files_gif_ess
cvs status: Examining files_gif_mss
cvs status: Examining fotos
cvs status: Examining help
cvs status: Examining help/english
cvs status: Examining help/espanol
cvs status: Examining help/francais
cvs status: Examining help/portugues
cvs status: Examining iconos
cvs status: Examining iconos/english
cvs status: Examining iconos/espanol
cvs status: Examining iconos/francais
cvs status: Examining iconos/portugues
cvs status: Examining images
cvs status: Examining images/espanol
cvs status: Examining javascripts
cvs status: Examining libreria
cvs status: Examining mobile_func
cvs status: Examining mobile_func/css
cvs status: Examining mobile_func/icons
cvs status: Examining mobile_func/js
cvs status: Examining mss_g1
cvs status: Examining mss_g1/english
cvs status: Examining mss_g1/espanol
cvs status: Examining mss_g1/francais
cvs status: Examining mss_g1/portugues
cvs status: Examining mss_g2
cvs status: Examining mss_g2/english
cvs status: Examining mss_g2/espanol
cvs status: Examining mss_g2/francais
cvs status: Examining mss_g2/portugues
cvs status: Examining mss_g3
cvs status: Examining mss_g3/english
cvs status: Examining mss_g3/espanol
cvs status: Examining mss_g3/francais
cvs status: Examining mss_g3/portugues
cvs status: Examining mss_g4
cvs status: Examining mss_g4/english
cvs status: Examining mss_g4/espanol
cvs status: Examining mss_g4/francais
cvs status: Examining mss_g4/portugues
cvs status: Examining mss_generico
cvs status: Examining mss_generico/english
cvs status: Examining mss_generico/espanol
cvs status: Examining mss_generico/francais
cvs status: Examining mss_generico/portugues
cvs status: Examining plantillas
cvs status: Examining plantillas/english
cvs status: Examining plantillas/espanol
cvs status: Examining plantillas/francais
cvs status: Examining plantillas/portugues
cvs status: Examining shco_g0_ess
cvs status: Examining shco_g0_mss
cvs status: Examining ssco_migrate
cvs status: Examining ssco_migrate/SQL
cvs status: Examining ssco_migrate/english
cvs status: Examining ssco_migrate/english/xml
cvs status: Examining ssco_migrate/espanol
cvs status: Examining ssco_migrate/espanol/xml
cvs status: Examining ssco_migrate/francais
cvs status: Examining ssco_migrate/francais/xml
cvs status: Examining ssco_migrate/portugues
cvs status: Examining ssco_migrate/portugues/xml
cvs status: Examining ssco_migrate/process
cvs status: Examining ssco_migrate/process/css
cvs status: Examining ssco_migrate/process/images
cvs status: Examining ssco_migrate/process/javascript
cvs status: Examining ssco_migrate/process/xml
cvs status: Examining sse_g0
cvs status: Examining sse_g0/english
cvs status: Examining sse_g0/espanol
cvs status: Examining sse_g0/francais
cvs status: Examining sse_g0/portugues
cvs status: Examining sse_g1
cvs status: Examining sse_g1/english
cvs status: Examining sse_g1/espanol
cvs status: Examining sse_g1/francais
cvs status: Examining sse_g1/portugues
cvs status: Examining sse_g2
cvs status: Examining sse_g2/english
cvs status: Examining sse_g2/espanol
cvs status: Examining sse_g2/francais
cvs status: Examining sse_g2/portugues
cvs status: Examining sse_g3
cvs status: Examining sse_g3/english
cvs status: Examining sse_g3/espanol
cvs status: Examining sse_g3/francais
cvs status: Examining sse_g3/portugues
cvs status: Examining sse_g4
cvs status: Examining sse_g4/english
cvs status: Examining sse_g4/espanol
cvs status: Examining sse_g4/francais
cvs status: Examining sse_g4/portugues
cvs status: Examining sse_g5
cvs status: Examining sse_g5/english
cvs status: Examining sse_g5/espanol
cvs status: Examining sse_g5/francais
cvs status: Examining sse_g5/portugues
cvs status: Examining sse_generico
cvs status: Examining sse_generico/english
cvs status: Examining sse_generico/espanol
cvs status: Examining sse_generico/francais
cvs status: Examining sse_generico/portugues
cvs status: Examining traducciones
cvs status: Examining translations
