cvs checkout: Updating .
cvs checkout: Updating WEB-INF
cvs checkout: Updating WEB-INF/lib
cvs checkout: Updating css
cvs checkout: Updating files_gif_ess
cvs checkout: Updating files_gif_mss
cvs checkout: Updating fotos
cvs checkout: Updating help
cvs checkout: Updating help/english
cvs checkout: Updating help/espanol
cvs checkout: Updating help/francais
cvs checkout: Updating help/portugues
cvs checkout: Updating iconos
cvs checkout: Updating iconos/english
cvs checkout: Updating iconos/espanol
cvs checkout: Updating iconos/francais
cvs checkout: Updating iconos/portugues
cvs checkout: Updating images
cvs checkout: Updating images/espanol
cvs checkout: Updating javascripts
cvs checkout: Updating libreria
cvs checkout: Updating mobile_func
cvs checkout: Updating mobile_func/css
cvs checkout: Updating mobile_func/icons
cvs checkout: Updating mobile_func/js
cvs checkout: Updating mss_g1
cvs checkout: Updating mss_g1/english
cvs checkout: Updating mss_g1/espanol
cvs checkout: Updating mss_g1/francais
cvs checkout: Updating mss_g1/portugues
cvs checkout: Updating mss_g2
cvs checkout: Updating mss_g2/english
cvs checkout: Updating mss_g2/espanol
cvs checkout: Updating mss_g2/francais
cvs checkout: Updating mss_g2/portugues
cvs checkout: Updating mss_g3
cvs checkout: Updating mss_g3/english
cvs checkout: Updating mss_g3/espanol
cvs checkout: Updating mss_g3/francais
cvs checkout: Updating mss_g3/portugues
cvs checkout: Updating mss_g4
cvs checkout: Updating mss_g4/english
cvs checkout: Updating mss_g4/espanol
cvs checkout: Updating mss_g4/francais
cvs checkout: Updating mss_g4/portugues
cvs checkout: Updating mss_generico
cvs checkout: Updating mss_generico/english
cvs checkout: Updating mss_generico/espanol
cvs checkout: Updating mss_generico/francais
cvs checkout: Updating mss_generico/portugues
cvs checkout: Updating plantillas
cvs checkout: Updating plantillas/english
cvs checkout: Updating plantillas/espanol
cvs checkout: Updating plantillas/francais
cvs checkout: Updating plantillas/portugues
cvs checkout: Updating shco_g0_ess
cvs checkout: Updating shco_g0_mss
cvs checkout: Updating ssco_migrate
cvs checkout: Updating ssco_migrate/SQL
cvs checkout: Updating ssco_migrate/english
cvs checkout: Updating ssco_migrate/english/xml
cvs checkout: Updating ssco_migrate/espanol
cvs checkout: Updating ssco_migrate/espanol/xml
cvs checkout: Updating ssco_migrate/francais
cvs checkout: Updating ssco_migrate/francais/xml
cvs checkout: Updating ssco_migrate/portugues
cvs checkout: Updating ssco_migrate/portugues/xml
cvs checkout: Updating ssco_migrate/process
cvs checkout: Updating ssco_migrate/process/css
cvs checkout: Updating ssco_migrate/process/images
cvs checkout: Updating ssco_migrate/process/javascript
cvs checkout: Updating ssco_migrate/process/xml
cvs checkout: Updating sse_g0
cvs checkout: Updating sse_g0/english
cvs checkout: Updating sse_g0/espanol
cvs checkout: Updating sse_g0/francais
cvs checkout: Updating sse_g0/portugues
cvs checkout: Updating sse_g1
cvs checkout: Updating sse_g1/english
cvs checkout: Updating sse_g1/espanol
cvs checkout: Updating sse_g1/francais
cvs checkout: Updating sse_g1/portugues
cvs checkout: Updating sse_g2
cvs checkout: Updating sse_g2/english
cvs checkout: Updating sse_g2/espanol
cvs checkout: Updating sse_g2/francais
cvs checkout: Updating sse_g2/portugues
cvs checkout: Updating sse_g3
cvs checkout: Updating sse_g3/english
cvs checkout: Updating sse_g3/espanol
cvs checkout: Updating sse_g3/francais
cvs checkout: Updating sse_g3/portugues
cvs checkout: Updating sse_g4
cvs checkout: Updating sse_g4/english
cvs checkout: Updating sse_g4/espanol
cvs checkout: Updating sse_g4/francais
cvs checkout: Updating sse_g4/portugues
cvs checkout: Updating sse_g5
cvs checkout: Updating sse_g5/english
cvs checkout: Updating sse_g5/espanol
cvs checkout: Updating sse_g5/francais
cvs checkout: Updating sse_g5/portugues
cvs checkout: Updating sse_generico
cvs checkout: Updating sse_generico/english
cvs checkout: Updating sse_generico/espanol
cvs checkout: Updating sse_generico/francais
cvs checkout: Updating sse_generico/portugues
cvs checkout: Updating traducciones
cvs checkout: Updating translations
